[2026-01-02T08:16:34.252Z] Error: [GoogleGenerativeAI Error]: Error fetching from https://generativelanguage.googleapis.com/v1beta/models/gemini-1.5-flash:generateContent: [400 Bad Request] API key not valid. Please pass a valid API key. [{"@type":"type.googleapis.com/google.rpc.ErrorInfo","reason":"API_KEY_INVALID","domain":"googleapis.com","metadata":{"service":"generativelanguage.googleapis.com"}},{"@type":"type.googleapis.com/google.rpc.LocalizedMessage","locale":"en-US","message":"API key not valid. Please pass a valid API key."}]
Error: [GoogleGenerativeAI Error]: Error fetching from https://generativelanguage.googleapis.com/v1beta/models/gemini-1.5-flash:generateContent: [400 Bad Request] API key not valid. Please pass a valid API key. [{"@type":"type.googleapis.com/google.rpc.ErrorInfo","reason":"API_KEY_INVALID","domain":"googleapis.com","metadata":{"service":"generativelanguage.googleapis.com"}},{"@type":"type.googleapis.com/google.rpc.LocalizedMessage","locale":"en-US","message":"API key not valid. Please pass a valid API key."}]
    at handleResponseNotOk (C:\Users\Yug Shah\OneDrive\Desktop\Nutrition AI Native System\server\node_modules\@google\generative-ai\dist\index.js:434:11)
    at process.processTicksAndRejections (node:internal/process/task_queues:105:5)
    at async makeRequest (C:\Users\Yug Shah\OneDrive\Desktop\Nutrition AI Native System\server\node_modules\@google\generative-ai\dist\index.js:403:9)
    at async generateContent (C:\Users\Yug Shah\OneDrive\Desktop\Nutrition AI Native System\server\node_modules\@google\generative-ai\dist\index.js:867:22)
    at async analyzeProduct (C:\Users\Yug Shah\OneDrive\Desktop\Nutrition AI Native System\server\ai-service.js:51:24)
    at async runTest (C:\Users\Yug Shah\OneDrive\Desktop\Nutrition AI Native System\server\tests\test-analysis.js:17:24)

[2026-01-02T08:17:31.062Z] Error: [GoogleGenerativeAI Error]: Error fetching from https://generativelanguage.googleapis.com/v1beta/models/gemini-1.5-flash:generateContent: [404 Not Found] models/gemini-1.5-flash is not found for API version v1beta, or is not supported for generateContent. Call ListModels to see the list of available models and their supported methods.
Error: [GoogleGenerativeAI Error]: Error fetching from https://generativelanguage.googleapis.com/v1beta/models/gemini-1.5-flash:generateContent: [404 Not Found] models/gemini-1.5-flash is not found for API version v1beta, or is not supported for generateContent. Call ListModels to see the list of available models and their supported methods.
    at handleResponseNotOk (C:\Users\Yug Shah\OneDrive\Desktop\Nutrition AI Native System\server\node_modules\@google\generative-ai\dist\index.js:434:11)
    at process.processTicksAndRejections (node:internal/process/task_queues:105:5)
    at async makeRequest (C:\Users\Yug Shah\OneDrive\Desktop\Nutrition AI Native System\server\node_modules\@google\generative-ai\dist\index.js:403:9)
    at async generateContent (C:\Users\Yug Shah\OneDrive\Desktop\Nutrition AI Native System\server\node_modules\@google\generative-ai\dist\index.js:867:22)
    at async analyzeProduct (C:\Users\Yug Shah\OneDrive\Desktop\Nutrition AI Native System\server\ai-service.js:52:24)
    at async runTest (C:\Users\Yug Shah\OneDrive\Desktop\Nutrition AI Native System\server\tests\test-analysis.js:17:24)

[2026-01-02T08:19:31.427Z] Error: [GoogleGenerativeAI Error]: Error fetching from https://generativelanguage.googleapis.com/v1beta/models/gemini-1.5-flash-001:generateContent: [404 Not Found] models/gemini-1.5-flash-001 is not found for API version v1beta, or is not supported for generateContent. Call ListModels to see the list of available models and their supported methods.
Error: [GoogleGenerativeAI Error]: Error fetching from https://generativelanguage.googleapis.com/v1beta/models/gemini-1.5-flash-001:generateContent: [404 Not Found] models/gemini-1.5-flash-001 is not found for API version v1beta, or is not supported for generateContent. Call ListModels to see the list of available models and their supported methods.
    at handleResponseNotOk (C:\Users\Yug Shah\OneDrive\Desktop\Nutrition AI Native System\server\node_modules\@google\generative-ai\dist\index.js:434:11)
    at process.processTicksAndRejections (node:internal/process/task_queues:105:5)
    at async makeRequest (C:\Users\Yug Shah\OneDrive\Desktop\Nutrition AI Native System\server\node_modules\@google\generative-ai\dist\index.js:403:9)
    at async generateContent (C:\Users\Yug Shah\OneDrive\Desktop\Nutrition AI Native System\server\node_modules\@google\generative-ai\dist\index.js:867:22)
    at async analyzeProduct (C:\Users\Yug Shah\OneDrive\Desktop\Nutrition AI Native System\server\ai-service.js:52:24)
    at async runTest (C:\Users\Yug Shah\OneDrive\Desktop\Nutrition AI Native System\server\tests\test-analysis.js:17:24)

[2026-01-02T08:20:51.202Z] Error: [GoogleGenerativeAI Error]: Error fetching from https://generativelanguage.googleapis.com/v1beta/models/gemini-1.5-flash-latest:generateContent: [404 Not Found] models/gemini-1.5-flash-latest is not found for API version v1beta, or is not supported for generateContent. Call ListModels to see the list of available models and their supported methods.
Error: [GoogleGenerativeAI Error]: Error fetching from https://generativelanguage.googleapis.com/v1beta/models/gemini-1.5-flash-latest:generateContent: [404 Not Found] models/gemini-1.5-flash-latest is not found for API version v1beta, or is not supported for generateContent. Call ListModels to see the list of available models and their supported methods.
    at handleResponseNotOk (C:\Users\Yug Shah\OneDrive\Desktop\Nutrition AI Native System\server\node_modules\@google\generative-ai\dist\index.js:434:11)
    at process.processTicksAndRejections (node:internal/process/task_queues:105:5)
    at async makeRequest (C:\Users\Yug Shah\OneDrive\Desktop\Nutrition AI Native System\server\node_modules\@google\generative-ai\dist\index.js:403:9)
    at async generateContent (C:\Users\Yug Shah\OneDrive\Desktop\Nutrition AI Native System\server\node_modules\@google\generative-ai\dist\index.js:867:22)
    at async analyzeProduct (C:\Users\Yug Shah\OneDrive\Desktop\Nutrition AI Native System\server\ai-service.js:52:24)
    at async runTest (C:\Users\Yug Shah\OneDrive\Desktop\Nutrition AI Native System\server\tests\test-analysis.js:17:24)

[2026-01-02T08:27:00.661Z] Error: [GoogleGenerativeAI Error]: Error fetching from https://generativelanguage.googleapis.com/v1beta/models/gemini-1.5-flash:generateContent: [404 Not Found] models/gemini-1.5-flash is not found for API version v1beta, or is not supported for generateContent. Call ListModels to see the list of available models and their supported methods.
Error: [GoogleGenerativeAI Error]: Error fetching from https://generativelanguage.googleapis.com/v1beta/models/gemini-1.5-flash:generateContent: [404 Not Found] models/gemini-1.5-flash is not found for API version v1beta, or is not supported for generateContent. Call ListModels to see the list of available models and their supported methods.
    at handleResponseNotOk (C:\Users\Yug Shah\OneDrive\Desktop\Nutrition AI Native System\server\node_modules\@google\generative-ai\dist\index.js:434:11)
    at process.processTicksAndRejections (node:internal/process/task_queues:105:5)
    at async makeRequest (C:\Users\Yug Shah\OneDrive\Desktop\Nutrition AI Native System\server\node_modules\@google\generative-ai\dist\index.js:403:9)
    at async generateContent (C:\Users\Yug Shah\OneDrive\Desktop\Nutrition AI Native System\server\node_modules\@google\generative-ai\dist\index.js:867:22)
    at async analyzeProduct (C:\Users\Yug Shah\OneDrive\Desktop\Nutrition AI Native System\server\ai-service.js:52:24)
    at async runTest (C:\Users\Yug Shah\OneDrive\Desktop\Nutrition AI Native System\server\tests\test-analysis.js:17:24)

[2026-01-02T14:24:03.965Z] Error: [GoogleGenerativeAI Error]: Error fetching from https://generativelanguage.googleapis.com/v1beta/models/gemini-1.5-flash:generateContent: [404 Not Found] models/gemini-1.5-flash is not found for API version v1beta, or is not supported for generateContent. Call ListModels to see the list of available models and their supported methods.
Error: [GoogleGenerativeAI Error]: Error fetching from https://generativelanguage.googleapis.com/v1beta/models/gemini-1.5-flash:generateContent: [404 Not Found] models/gemini-1.5-flash is not found for API version v1beta, or is not supported for generateContent. Call ListModels to see the list of available models and their supported methods.
    at handleResponseNotOk (C:\Users\Yug Shah\OneDrive\Desktop\Nutrition AI Native System\server\node_modules\@google\generative-ai\dist\index.js:434:11)
    at process.processTicksAndRejections (node:internal/process/task_queues:105:5)
    at async makeRequest (C:\Users\Yug Shah\OneDrive\Desktop\Nutrition AI Native System\server\node_modules\@google\generative-ai\dist\index.js:403:9)
    at async generateContent (C:\Users\Yug Shah\OneDrive\Desktop\Nutrition AI Native System\server\node_modules\@google\generative-ai\dist\index.js:867:22)
    at async analyzeProduct (C:\Users\Yug Shah\OneDrive\Desktop\Nutrition AI Native System\server\ai-service.js:52:24)
    at async runTest (C:\Users\Yug Shah\OneDrive\Desktop\Nutrition AI Native System\server\tests\test-analysis.js:17:24)

